// Jest Snapshot v1, https://goo.gl/fbAQLP

exports[`Test suite for the Navbar component Should render a Snapshot of the Navbar component 1`] = `
Object {
  "asFragment": [Function],
  "baseElement": <body>
    <div>
      <div
        class="max-w-screen-2xl m-auto w-full"
      >
        <nav
          class="flex px-20 py-5 justify-between items-center"
        >
          <div
            class="flex justify-center items-center"
          >
            <img
              alt="space hub logo"
              class="w-14"
              src="rocket.svg"
            />
            <h1
              class="ml-5 text-3xl font-semibold"
            >
              Space Travelers Hub
            </h1>
          </div>
          <ul
            class="flex gap-10"
          >
            <li>
              Rockets
            </li>
            <li>
              Missions
            </li>
            <li>
              My Profile
            </li>
          </ul>
        </nav>
        <div
          class="flex justify-center px-12"
        >
          <hr
            class="w-full"
          />
        </div>
      </div>
    </div>
  </body>,
  "container": <div>
    <div
      class="max-w-screen-2xl m-auto w-full"
    >
      <nav
        class="flex px-20 py-5 justify-between items-center"
      >
        <div
          class="flex justify-center items-center"
        >
          <img
            alt="space hub logo"
            class="w-14"
            src="rocket.svg"
          />
          <h1
            class="ml-5 text-3xl font-semibold"
          >
            Space Travelers Hub
          </h1>
        </div>
        <ul
          class="flex gap-10"
        >
          <li>
            Rockets
          </li>
          <li>
            Missions
          </li>
          <li>
            My Profile
          </li>
        </ul>
      </nav>
      <div
        class="flex justify-center px-12"
      >
        <hr
          class="w-full"
        />
      </div>
    </div>
  </div>,
  "debug": [Function],
  "findAllByAltText": [Function],
  "findAllByDisplayValue": [Function],
  "findAllByLabelText": [Function],
  "findAllByPlaceholderText": [Function],
  "findAllByRole": [Function],
  "findAllByTestId": [Function],
  "findAllByText": [Function],
  "findAllByTitle": [Function],
  "findByAltText": [Function],
  "findByDisplayValue": [Function],
  "findByLabelText": [Function],
  "findByPlaceholderText": [Function],
  "findByRole": [Function],
  "findByTestId": [Function],
  "findByText": [Function],
  "findByTitle": [Function],
  "getAllByAltText": [Function],
  "getAllByDisplayValue": [Function],
  "getAllByLabelText": [Function],
  "getAllByPlaceholderText": [Function],
  "getAllByRole": [Function],
  "getAllByTestId": [Function],
  "getAllByText": [Function],
  "getAllByTitle": [Function],
  "getByAltText": [Function],
  "getByDisplayValue": [Function],
  "getByLabelText": [Function],
  "getByPlaceholderText": [Function],
  "getByRole": [Function],
  "getByTestId": [Function],
  "getByText": [Function],
  "getByTitle": [Function],
  "queryAllByAltText": [Function],
  "queryAllByDisplayValue": [Function],
  "queryAllByLabelText": [Function],
  "queryAllByPlaceholderText": [Function],
  "queryAllByRole": [Function],
  "queryAllByTestId": [Function],
  "queryAllByText": [Function],
  "queryAllByTitle": [Function],
  "queryByAltText": [Function],
  "queryByDisplayValue": [Function],
  "queryByLabelText": [Function],
  "queryByPlaceholderText": [Function],
  "queryByRole": [Function],
  "queryByTestId": [Function],
  "queryByText": [Function],
  "queryByTitle": [Function],
  "rerender": [Function],
  "unmount": [Function],
}
`;
