// Jest Snapshot v1, https://goo.gl/fbAQLP

exports[`Test suite for the Rocket component Should render a Snapshot of the Rocket component 1`] = `
Object {
  "asFragment": [Function],
  "baseElement": <body>
    <div>
      <div
        class="flex justify-start items-center h-44"
        data-testid="main_container"
        id="id"
      >
        <img
          alt="name"
          class="w-60 h-full"
          src="img"
        />
        <div
          class="flex flex-col justify-between px-5 h-full"
        >
          <h2
            class="font-semibold text-xl"
          >
            name
          </h2>
          <p>
            des
          </p>
          <button
            class="w-36 p-2 mr-2 rounded-md text-white bg-blue-500 hover:bg-blue-600"
            type="button"
          >
            Reserve Rocket
          </button>
        </div>
      </div>
    </div>
  </body>,
  "container": <div>
    <div
      class="flex justify-start items-center h-44"
      data-testid="main_container"
      id="id"
    >
      <img
        alt="name"
        class="w-60 h-full"
        src="img"
      />
      <div
        class="flex flex-col justify-between px-5 h-full"
      >
        <h2
          class="font-semibold text-xl"
        >
          name
        </h2>
        <p>
          des
        </p>
        <button
          class="w-36 p-2 mr-2 rounded-md text-white bg-blue-500 hover:bg-blue-600"
          type="button"
        >
          Reserve Rocket
        </button>
      </div>
    </div>
  </div>,
  "debug": [Function],
  "findAllByAltText": [Function],
  "findAllByDisplayValue": [Function],
  "findAllByLabelText": [Function],
  "findAllByPlaceholderText": [Function],
  "findAllByRole": [Function],
  "findAllByTestId": [Function],
  "findAllByText": [Function],
  "findAllByTitle": [Function],
  "findByAltText": [Function],
  "findByDisplayValue": [Function],
  "findByLabelText": [Function],
  "findByPlaceholderText": [Function],
  "findByRole": [Function],
  "findByTestId": [Function],
  "findByText": [Function],
  "findByTitle": [Function],
  "getAllByAltText": [Function],
  "getAllByDisplayValue": [Function],
  "getAllByLabelText": [Function],
  "getAllByPlaceholderText": [Function],
  "getAllByRole": [Function],
  "getAllByTestId": [Function],
  "getAllByText": [Function],
  "getAllByTitle": [Function],
  "getByAltText": [Function],
  "getByDisplayValue": [Function],
  "getByLabelText": [Function],
  "getByPlaceholderText": [Function],
  "getByRole": [Function],
  "getByTestId": [Function],
  "getByText": [Function],
  "getByTitle": [Function],
  "queryAllByAltText": [Function],
  "queryAllByDisplayValue": [Function],
  "queryAllByLabelText": [Function],
  "queryAllByPlaceholderText": [Function],
  "queryAllByRole": [Function],
  "queryAllByTestId": [Function],
  "queryAllByText": [Function],
  "queryAllByTitle": [Function],
  "queryByAltText": [Function],
  "queryByDisplayValue": [Function],
  "queryByLabelText": [Function],
  "queryByPlaceholderText": [Function],
  "queryByRole": [Function],
  "queryByTestId": [Function],
  "queryByText": [Function],
  "queryByTitle": [Function],
  "rerender": [Function],
  "unmount": [Function],
}
`;
